// Jest Snapshot v1, https://goo.gl/fbAQLP

exports[`Counter component should match exact snapshot 1`] = `
<div>
  <div>
    <div
      className="backButton"
      data-tid="backButton"
    >
      <a
        href="/"
        onClick={[Function]}
      >
        <i
          className="fa fa-arrow-left fa-3x"
        />
      </a>
    </div>
    <div
      className="counter counter"
      data-tid="counter"
    >
      1
    </div>
    <div
      className="btnGroup"
    >
      <button
        className="btn"
        data-tclass="btn"
        onClick={[Function]}
        type="button"
      >
        <i
          className="fa fa-plus"
        />
      </button>
      <button
        className="btn"
        data-tclass="btn"
        onClick={[Function]}
        type="button"
      >
        <i
          className="fa fa-minus"
        />
      </button>
      <button
        className="btn"
        data-tclass="btn"
        onClick={[Function]}
        type="button"
      >
        odd
      </button>
      <button
        className="btn"
        data-tclass="btn"
        onClick={[Function]}
        type="button"
      >
        async
      </button>
      <span
        className="ant-calendar-picker"
        onBlur={[Function]}
        onFocus={[Function]}
        onMouseEnter={[Function]}
        onMouseLeave={[Function]}
        style={Object {}}
      >
        <div
          onClick={[Function]}
          onKeyDown={[Function]}
          onMouseDown={[Function]}
          onTouchStart={[Function]}
        >
          <input
            className="ant-calendar-picker-input ant-input"
            placeholder="Select date"
            readOnly={true}
            value=""
          />
          <i
            className="anticon anticon-calendar ant-calendar-picker-icon"
          >
            <svg
              aria-hidden="true"
              className=""
              data-icon="calendar"
              fill="currentColor"
              height="1em"
              viewBox="64 64 896 896"
              width="1em"
            >
              <path
                d="M880 184H712v-64c0-4.4-3.6-8-8-8h-56c-4.4 0-8 3.6-8 8v64H384v-64c0-4.4-3.6-8-8-8h-56c-4.4 0-8 3.6-8 8v64H144c-17.7 0-32 14.3-32 32v664c0 17.7 14.3 32 32 32h736c17.7 0 32-14.3 32-32V216c0-17.7-14.3-32-32-32zm-40 656H184V460h656v380zM184 392V256h128v48c0 4.4 3.6 8 8 8h56c4.4 0 8-3.6 8-8v-48h256v48c0 4.4 3.6 8 8 8h56c4.4 0 8-3.6 8-8v-48h128v136H184z"
              />
            </svg>
          </i>
        </div>
      </span>
    </div>
  </div>
</div>
`;
